// Jest Snapshot v1, https://goo.gl/fbAQLP

exports[`tests para counterApp should show counterApp component  1`] = `
<Fragment>
  <h1>
    CounterApp
  </h1>
  <h2>
    100
  </h2>
  <button
    onClick={[Function]}
  >
    -1
  </button>
  <button
    onClick={[Function]}
  >
    +1
  </button>
  <button
    onClick={[Function]}
  >
    RESET
  </button>
</Fragment>
`;
