// Jest Snapshot v1, https://goo.gl/fbAQLP

exports[`Probando primeraApp component debe mostrar <primeraApp> component correctamente  1`] = `
<Fragment>
  <h1>
    Hola soy goku
  </h1>
  <p>
    Soy un subtitulo
  </p>
</Fragment>
`;
